C51 COMPILER V9.60.0.0   DELAY                                                             06/18/2022 20:21:45 PAGE 1   


C51 COMPILER V9.60.0.0, COMPILATION OF MODULE DELAY
OBJECT MODULE PLACED IN .\Objects\delay.obj
COMPILER INVOKED BY: D:\Keil_v5\C51\BIN\C51.EXE USER\Delay\delay.c OPTIMIZE(8,SPEED) BROWSE INCDIR(.\USER\timer;.\USER\k
                    -ey;.\USER\Delay;.\USER\LCD1602;.\USER\uart) DEBUG OBJECTEXTEND PRINT(.\Listings\delay.lst) TABS(2) OBJECT(.\Objects\dela
                    -y.obj)

line level    source

   1          #include <REGX51.H>
   2          #include <delay.h>
   3          
   4          
   5          
   6          
   7          //ÑÓÊ±º¯Êý
   8          void Delay(unsigned int xms)    //@12.000MHz
   9          {
  10   1        unsigned char i, j;
  11   1      
  12   1        while(xms--)
  13   1        {
  14   2              i = 2;
  15   2              j = 239;
  16   2              do
  17   2              {
  18   3                while (--j);
  19   3              } while (--i);
  20   2        }
  21   1      }


MODULE INFORMATION:   STATIC OVERLAYABLE
   CODE SIZE        =     21    ----
   CONSTANT SIZE    =   ----    ----
   XDATA SIZE       =   ----    ----
   PDATA SIZE       =   ----    ----
   DATA SIZE        =   ----    ----
   IDATA SIZE       =   ----    ----
   BIT SIZE         =   ----    ----
END OF MODULE INFORMATION.


C51 COMPILATION COMPLETE.  0 WARNING(S),  0 ERROR(S)
